---
source: tests/markdown_test.rs
expression: output
---
